Archive member included because of file (symbol)

c:/users/user/appdata/local/arduino15/packages/arduino/tools/arm-none-eabi-gcc/4.8.3-2014q1/bin/../lib/gcc/arm-none-eabi/4.8.3/../../../../arm-none-eabi/lib/armv6-m\libc_s.a(lib_a-exit.o)
                              c:/users/user/appdata/local/arduino15/packages/arduino/tools/arm-none-eabi-gcc/4.8.3-2014q1/bin/../lib/gcc/arm-none-eabi/4.8.3/../../../../arm-none-eabi/lib/armv6-m/crt0.o (exit)
c:/users/user/appdata/local/arduino15/packages/arduino/tools/arm-none-eabi-gcc/4.8.3-2014q1/bin/../lib/gcc/arm-none-eabi/4.8.3/../../../../arm-none-eabi/lib/armv6-m\libc_s.a(lib_a-impure.o)
                              c:/users/user/appdata/local/arduino15/packages/arduino/tools/arm-none-eabi-gcc/4.8.3-2014q1/bin/../lib/gcc/arm-none-eabi/4.8.3/../../../../arm-none-eabi/lib/armv6-m\libc_s.a(lib_a-exit.o) (_global_impure_ptr)
c:/users/user/appdata/local/arduino15/packages/arduino/tools/arm-none-eabi-gcc/4.8.3-2014q1/bin/../lib/gcc/arm-none-eabi/4.8.3/../../../../arm-none-eabi/lib/armv6-m\libc_s.a(lib_a-init.o)
                              c:/users/user/appdata/local/arduino15/packages/arduino/tools/arm-none-eabi-gcc/4.8.3-2014q1/bin/../lib/gcc/arm-none-eabi/4.8.3/../../../../arm-none-eabi/lib/armv6-m/crt0.o (__libc_init_array)
c:/users/user/appdata/local/arduino15/packages/arduino/tools/arm-none-eabi-gcc/4.8.3-2014q1/bin/../lib/gcc/arm-none-eabi/4.8.3/../../../../arm-none-eabi/lib/armv6-m\libc_s.a(lib_a-memcpy-stub.o)
                              build/sam_ba_monitor.o (memcpy)
c:/users/user/appdata/local/arduino15/packages/arduino/tools/arm-none-eabi-gcc/4.8.3-2014q1/bin/../lib/gcc/arm-none-eabi/4.8.3/../../../../arm-none-eabi/lib/armv6-m\libc_s.a(lib_a-memset.o)
                              c:/users/user/appdata/local/arduino15/packages/arduino/tools/arm-none-eabi-gcc/4.8.3-2014q1/bin/../lib/gcc/arm-none-eabi/4.8.3/../../../../arm-none-eabi/lib/armv6-m/crt0.o (memset)
c:/users/user/appdata/local/arduino15/packages/arduino/tools/arm-none-eabi-gcc/4.8.3-2014q1/bin/../lib/gcc/arm-none-eabi/4.8.3/../../../../arm-none-eabi/lib/armv6-m\libnosys.a(_exit.o)
                              c:/users/user/appdata/local/arduino15/packages/arduino/tools/arm-none-eabi-gcc/4.8.3-2014q1/bin/../lib/gcc/arm-none-eabi/4.8.3/../../../../arm-none-eabi/lib/armv6-m\libc_s.a(lib_a-exit.o) (_exit)

Allocating common symbols
Common symbol       size              file

b_sharp_received    0x1               build/usart_sam_ba.o
udd_ep_out_cache_buffer
                    0x80              build/drivers/cdc_enumerate.o
j                   0x1               build/sam_ba_monitor.o
udd_ep_in_cache_buffer
                    0x80              build/drivers/cdc_enumerate.o
idx_rx_write        0x1               build/usart_sam_ba.o
size_of_data        0x2               build/usart_sam_ba.o
length              0x4               build/sam_ba_monitor.o
ptr                 0x4               build/sam_ba_monitor.o
command             0x1               build/sam_ba_monitor.o
MAX_FLASH           0x4               build/sam_ba_monitor.o
PAGES               0x4               build/sam_ba_monitor.o
idx_tx_read         0x1               build/usart_sam_ba.o
i                   0x4               build/sam_ba_monitor.o
buffer_tx_usart     0x80              build/usart_sam_ba.o
error_timeout       0x1               build/usart_sam_ba.o
PAGE_SIZE           0x4               build/sam_ba_monitor.o
data                0x40              build/sam_ba_monitor.o
mode_of_transfer    0x1               build/usart_sam_ba.o
ptr_data            0x4               build/sam_ba_monitor.o
TS_buf              0x1800            build/tinyscreen.o
idx_rx_read         0x1               build/usart_sam_ba.o
ptr_monitor_if      0x4               build/sam_ba_monitor.o
sp                  0x4               build/sam_ba_monitor.o
current_number      0x4               build/sam_ba_monitor.o
idx_tx_write        0x1               build/usart_sam_ba.o
u32tmp              0x4               build/sam_ba_monitor.o
buffer_rx_usart     0x80              build/usart_sam_ba.o

Discarded input sections

 .text          0x00000000        0x0 c:/users/user/appdata/local/arduino15/packages/arduino/tools/arm-none-eabi-gcc/4.8.3-2014q1/bin/../lib/gcc/arm-none-eabi/4.8.3/armv6-m/crti.o
 .data          0x00000000        0x0 c:/users/user/appdata/local/arduino15/packages/arduino/tools/arm-none-eabi-gcc/4.8.3-2014q1/bin/../lib/gcc/arm-none-eabi/4.8.3/armv6-m/crti.o
 .bss           0x00000000        0x0 c:/users/user/appdata/local/arduino15/packages/arduino/tools/arm-none-eabi-gcc/4.8.3-2014q1/bin/../lib/gcc/arm-none-eabi/4.8.3/armv6-m/crti.o
 .data          0x00000000        0x4 c:/users/user/appdata/local/arduino15/packages/arduino/tools/arm-none-eabi-gcc/4.8.3-2014q1/bin/../lib/gcc/arm-none-eabi/4.8.3/armv6-m/crtbegin.o
 .text          0x00000000       0x78 c:/users/user/appdata/local/arduino15/packages/arduino/tools/arm-none-eabi-gcc/4.8.3-2014q1/bin/../lib/gcc/arm-none-eabi/4.8.3/../../../../arm-none-eabi/lib/armv6-m/crt0.o
 .data          0x00000000        0x0 c:/users/user/appdata/local/arduino15/packages/arduino/tools/arm-none-eabi-gcc/4.8.3-2014q1/bin/../lib/gcc/arm-none-eabi/4.8.3/../../../../arm-none-eabi/lib/armv6-m/crt0.o
 .bss           0x00000000        0x0 c:/users/user/appdata/local/arduino15/packages/arduino/tools/arm-none-eabi-gcc/4.8.3-2014q1/bin/../lib/gcc/arm-none-eabi/4.8.3/../../../../arm-none-eabi/lib/armv6-m/crt0.o
 .ARM.extab     0x00000000        0x0 c:/users/user/appdata/local/arduino15/packages/arduino/tools/arm-none-eabi-gcc/4.8.3-2014q1/bin/../lib/gcc/arm-none-eabi/4.8.3/../../../../arm-none-eabi/lib/armv6-m/crt0.o
 .ARM.exidx     0x00000000        0x8 c:/users/user/appdata/local/arduino15/packages/arduino/tools/arm-none-eabi-gcc/4.8.3-2014q1/bin/../lib/gcc/arm-none-eabi/4.8.3/../../../../arm-none-eabi/lib/armv6-m/crt0.o
 .ARM.attributes
                0x00000000       0x1b c:/users/user/appdata/local/arduino15/packages/arduino/tools/arm-none-eabi-gcc/4.8.3-2014q1/bin/../lib/gcc/arm-none-eabi/4.8.3/../../../../arm-none-eabi/lib/armv6-m/crt0.o
 .text          0x00000000        0x0 build/main.o
 .data          0x00000000        0x0 build/main.o
 .bss           0x00000000        0x0 build/main.o
 .bss.cpu_irq_critical_section_counter
                0x00000000        0x4 build/main.o
 .bss.cpu_irq_prev_interrupt_state
                0x00000000        0x1 build/main.o
 .text          0x00000000        0x0 build/sam_ba_monitor.o
 .data          0x00000000        0x0 build/sam_ba_monitor.o
 .bss           0x00000000        0x0 build/sam_ba_monitor.o
 .bss.cpu_irq_prev_interrupt_state
                0x00000000        0x1 build/sam_ba_monitor.o
 .bss.cpu_irq_critical_section_counter
                0x00000000        0x4 build/sam_ba_monitor.o
 .text          0x00000000        0x0 build/startup_samd21.o
 .data          0x00000000        0x0 build/startup_samd21.o
 .bss           0x00000000        0x0 build/startup_samd21.o
 .text          0x00000000        0x0 build/usart_sam_ba.o
 .data          0x00000000        0x0 build/usart_sam_ba.o
 .bss           0x00000000        0x0 build/usart_sam_ba.o
 .text.usart_close
                0x00000000       0x10 build/usart_sam_ba.o
 .text.usart_readc
                0x00000000       0x20 build/usart_sam_ba.o
 .bss.cpu_irq_critical_section_counter
                0x00000000        0x4 build/usart_sam_ba.o
 .bss.cpu_irq_prev_interrupt_state
                0x00000000        0x1 build/usart_sam_ba.o
 .text          0x00000000        0x0 build/tinyscreen.o
 .data          0x00000000        0x0 build/tinyscreen.o
 .bss           0x00000000        0x0 build/tinyscreen.o
 .rodata.TSP_PIN_RST
                0x00000000        0x4 build/tinyscreen.o
 .rodata.TSP_PIN_SCK
                0x00000000        0x4 build/tinyscreen.o
 .rodata.TSP_PIN_SHDN
                0x00000000        0x4 build/tinyscreen.o
 .bss.cpu_irq_critical_section_counter
                0x00000000        0x4 build/tinyscreen.o
 .rodata.TSP_PIN_DC
                0x00000000        0x4 build/tinyscreen.o
 .bss.cpu_irq_prev_interrupt_state
                0x00000000        0x1 build/tinyscreen.o
 .rodata.TSP_PIN_CS
                0x00000000        0x4 build/tinyscreen.o
 .rodata.TSP_PIN_DAT
                0x00000000        0x4 build/tinyscreen.o
 .text          0x00000000        0x0 build/drivers/cdc_enumerate.o
 .data          0x00000000        0x0 build/drivers/cdc_enumerate.o
 .bss           0x00000000        0x0 build/drivers/cdc_enumerate.o
 .text.AT91F_USB_SendStall
                0x00000000       0x18 build/drivers/cdc_enumerate.o
 .bss.cpu_irq_critical_section_counter
                0x00000000        0x4 build/drivers/cdc_enumerate.o
 .bss.cpu_irq_prev_interrupt_state
                0x00000000        0x1 build/drivers/cdc_enumerate.o
 .text          0x00000000        0x0 build/drivers/uart_driver.o
 .data          0x00000000        0x0 build/drivers/uart_driver.o
 .bss           0x00000000        0x0 build/drivers/uart_driver.o
 .text.uart_disable
                0x00000000       0x10 build/drivers/uart_driver.o
 .text.uart_write_buffer_polled
                0x00000000       0x20 build/drivers/uart_driver.o
 .text.uart_read_buffer_polled
                0x00000000       0x40 build/drivers/uart_driver.o
 .text          0x00000000        0x0 build/utils/interrupt/interrupt_sam_nvic.o
 .data          0x00000000        0x0 build/utils/interrupt/interrupt_sam_nvic.o
 .bss           0x00000000        0x0 build/utils/interrupt/interrupt_sam_nvic.o
 .text.cpu_irq_enter_critical
                0x00000000       0x38 build/utils/interrupt/interrupt_sam_nvic.o
 .text.cpu_irq_leave_critical
                0x00000000       0x30 build/utils/interrupt/interrupt_sam_nvic.o
 .bss.cpu_irq_critical_section_counter
                0x00000000        0x4 build/utils/interrupt/interrupt_sam_nvic.o
 .bss.cpu_irq_prev_interrupt_state
                0x00000000        0x1 build/utils/interrupt/interrupt_sam_nvic.o
 .text          0x00000000        0x0 c:/users/user/appdata/local/arduino15/packages/arduino/tools/arm-none-eabi-gcc/4.8.3-2014q1/bin/../lib/gcc/arm-none-eabi/4.8.3/../../../../arm-none-eabi/lib/armv6-m\libc_s.a(lib_a-exit.o)
 .data          0x00000000        0x0 c:/users/user/appdata/local/arduino15/packages/arduino/tools/arm-none-eabi-gcc/4.8.3-2014q1/bin/../lib/gcc/arm-none-eabi/4.8.3/../../../../arm-none-eabi/lib/armv6-m\libc_s.a(lib_a-exit.o)
 .bss           0x00000000        0x0 c:/users/user/appdata/local/arduino15/packages/arduino/tools/arm-none-eabi-gcc/4.8.3-2014q1/bin/../lib/gcc/arm-none-eabi/4.8.3/../../../../arm-none-eabi/lib/armv6-m\libc_s.a(lib_a-exit.o)
 .text.exit     0x00000000       0x2c c:/users/user/appdata/local/arduino15/packages/arduino/tools/arm-none-eabi-gcc/4.8.3-2014q1/bin/../lib/gcc/arm-none-eabi/4.8.3/../../../../arm-none-eabi/lib/armv6-m\libc_s.a(lib_a-exit.o)
 .ARM.attributes
                0x00000000       0x2c c:/users/user/appdata/local/arduino15/packages/arduino/tools/arm-none-eabi-gcc/4.8.3-2014q1/bin/../lib/gcc/arm-none-eabi/4.8.3/../../../../arm-none-eabi/lib/armv6-m\libc_s.a(lib_a-exit.o)
 .debug_frame   0x00000000       0x28 c:/users/user/appdata/local/arduino15/packages/arduino/tools/arm-none-eabi-gcc/4.8.3-2014q1/bin/../lib/gcc/arm-none-eabi/4.8.3/../../../../arm-none-eabi/lib/armv6-m\libc_s.a(lib_a-exit.o)
 .text          0x00000000        0x0 c:/users/user/appdata/local/arduino15/packages/arduino/tools/arm-none-eabi-gcc/4.8.3-2014q1/bin/../lib/gcc/arm-none-eabi/4.8.3/../../../../arm-none-eabi/lib/armv6-m\libc_s.a(lib_a-impure.o)
 .data          0x00000000        0x0 c:/users/user/appdata/local/arduino15/packages/arduino/tools/arm-none-eabi-gcc/4.8.3-2014q1/bin/../lib/gcc/arm-none-eabi/4.8.3/../../../../arm-none-eabi/lib/armv6-m\libc_s.a(lib_a-impure.o)
 .bss           0x00000000        0x0 c:/users/user/appdata/local/arduino15/packages/arduino/tools/arm-none-eabi-gcc/4.8.3-2014q1/bin/../lib/gcc/arm-none-eabi/4.8.3/../../../../arm-none-eabi/lib/armv6-m\libc_s.a(lib_a-impure.o)
 .data.impure_data
                0x00000000       0x60 c:/users/user/appdata/local/arduino15/packages/arduino/tools/arm-none-eabi-gcc/4.8.3-2014q1/bin/../lib/gcc/arm-none-eabi/4.8.3/../../../../arm-none-eabi/lib/armv6-m\libc_s.a(lib_a-impure.o)
 .data._impure_ptr
                0x00000000        0x4 c:/users/user/appdata/local/arduino15/packages/arduino/tools/arm-none-eabi-gcc/4.8.3-2014q1/bin/../lib/gcc/arm-none-eabi/4.8.3/../../../../arm-none-eabi/lib/armv6-m\libc_s.a(lib_a-impure.o)
 .rodata.str1.1
                0x00000000        0x2 c:/users/user/appdata/local/arduino15/packages/arduino/tools/arm-none-eabi-gcc/4.8.3-2014q1/bin/../lib/gcc/arm-none-eabi/4.8.3/../../../../arm-none-eabi/lib/armv6-m\libc_s.a(lib_a-impure.o)
 .rodata._global_impure_ptr
                0x00000000        0x4 c:/users/user/appdata/local/arduino15/packages/arduino/tools/arm-none-eabi-gcc/4.8.3-2014q1/bin/../lib/gcc/arm-none-eabi/4.8.3/../../../../arm-none-eabi/lib/armv6-m\libc_s.a(lib_a-impure.o)
 .ARM.attributes
                0x00000000       0x2c c:/users/user/appdata/local/arduino15/packages/arduino/tools/arm-none-eabi-gcc/4.8.3-2014q1/bin/../lib/gcc/arm-none-eabi/4.8.3/../../../../arm-none-eabi/lib/armv6-m\libc_s.a(lib_a-impure.o)
 .text          0x00000000        0x0 c:/users/user/appdata/local/arduino15/packages/arduino/tools/arm-none-eabi-gcc/4.8.3-2014q1/bin/../lib/gcc/arm-none-eabi/4.8.3/../../../../arm-none-eabi/lib/armv6-m\libc_s.a(lib_a-init.o)
 .data          0x00000000        0x0 c:/users/user/appdata/local/arduino15/packages/arduino/tools/arm-none-eabi-gcc/4.8.3-2014q1/bin/../lib/gcc/arm-none-eabi/4.8.3/../../../../arm-none-eabi/lib/armv6-m\libc_s.a(lib_a-init.o)
 .bss           0x00000000        0x0 c:/users/user/appdata/local/arduino15/packages/arduino/tools/arm-none-eabi-gcc/4.8.3-2014q1/bin/../lib/gcc/arm-none-eabi/4.8.3/../../../../arm-none-eabi/lib/armv6-m\libc_s.a(lib_a-init.o)
 .text          0x00000000        0x0 c:/users/user/appdata/local/arduino15/packages/arduino/tools/arm-none-eabi-gcc/4.8.3-2014q1/bin/../lib/gcc/arm-none-eabi/4.8.3/../../../../arm-none-eabi/lib/armv6-m\libc_s.a(lib_a-memcpy-stub.o)
 .data          0x00000000        0x0 c:/users/user/appdata/local/arduino15/packages/arduino/tools/arm-none-eabi-gcc/4.8.3-2014q1/bin/../lib/gcc/arm-none-eabi/4.8.3/../../../../arm-none-eabi/lib/armv6-m\libc_s.a(lib_a-memcpy-stub.o)
 .bss           0x00000000        0x0 c:/users/user/appdata/local/arduino15/packages/arduino/tools/arm-none-eabi-gcc/4.8.3-2014q1/bin/../lib/gcc/arm-none-eabi/4.8.3/../../../../arm-none-eabi/lib/armv6-m\libc_s.a(lib_a-memcpy-stub.o)
 .text          0x00000000        0x0 c:/users/user/appdata/local/arduino15/packages/arduino/tools/arm-none-eabi-gcc/4.8.3-2014q1/bin/../lib/gcc/arm-none-eabi/4.8.3/../../../../arm-none-eabi/lib/armv6-m\libc_s.a(lib_a-memset.o)
 .data          0x00000000        0x0 c:/users/user/appdata/local/arduino15/packages/arduino/tools/arm-none-eabi-gcc/4.8.3-2014q1/bin/../lib/gcc/arm-none-eabi/4.8.3/../../../../arm-none-eabi/lib/armv6-m\libc_s.a(lib_a-memset.o)
 .bss           0x00000000        0x0 c:/users/user/appdata/local/arduino15/packages/arduino/tools/arm-none-eabi-gcc/4.8.3-2014q1/bin/../lib/gcc/arm-none-eabi/4.8.3/../../../../arm-none-eabi/lib/armv6-m\libc_s.a(lib_a-memset.o)
 .text          0x00000000        0x0 c:/users/user/appdata/local/arduino15/packages/arduino/tools/arm-none-eabi-gcc/4.8.3-2014q1/bin/../lib/gcc/arm-none-eabi/4.8.3/../../../../arm-none-eabi/lib/armv6-m\libnosys.a(_exit.o)
 .data          0x00000000        0x0 c:/users/user/appdata/local/arduino15/packages/arduino/tools/arm-none-eabi-gcc/4.8.3-2014q1/bin/../lib/gcc/arm-none-eabi/4.8.3/../../../../arm-none-eabi/lib/armv6-m\libnosys.a(_exit.o)
 .bss           0x00000000        0x0 c:/users/user/appdata/local/arduino15/packages/arduino/tools/arm-none-eabi-gcc/4.8.3-2014q1/bin/../lib/gcc/arm-none-eabi/4.8.3/../../../../arm-none-eabi/lib/armv6-m\libnosys.a(_exit.o)
 .text._exit    0x00000000        0x4 c:/users/user/appdata/local/arduino15/packages/arduino/tools/arm-none-eabi-gcc/4.8.3-2014q1/bin/../lib/gcc/arm-none-eabi/4.8.3/../../../../arm-none-eabi/lib/armv6-m\libnosys.a(_exit.o)
 .ARM.attributes
                0x00000000       0x2c c:/users/user/appdata/local/arduino15/packages/arduino/tools/arm-none-eabi-gcc/4.8.3-2014q1/bin/../lib/gcc/arm-none-eabi/4.8.3/../../../../arm-none-eabi/lib/armv6-m\libnosys.a(_exit.o)
 .debug_frame   0x00000000       0x20 c:/users/user/appdata/local/arduino15/packages/arduino/tools/arm-none-eabi-gcc/4.8.3-2014q1/bin/../lib/gcc/arm-none-eabi/4.8.3/../../../../arm-none-eabi/lib/armv6-m\libnosys.a(_exit.o)
 .text          0x00000000        0x0 c:/users/user/appdata/local/arduino15/packages/arduino/tools/arm-none-eabi-gcc/4.8.3-2014q1/bin/../lib/gcc/arm-none-eabi/4.8.3/armv6-m/crtend.o
 .data          0x00000000        0x0 c:/users/user/appdata/local/arduino15/packages/arduino/tools/arm-none-eabi-gcc/4.8.3-2014q1/bin/../lib/gcc/arm-none-eabi/4.8.3/armv6-m/crtend.o
 .bss           0x00000000        0x0 c:/users/user/appdata/local/arduino15/packages/arduino/tools/arm-none-eabi-gcc/4.8.3-2014q1/bin/../lib/gcc/arm-none-eabi/4.8.3/armv6-m/crtend.o
 .eh_frame      0x00000000        0x4 c:/users/user/appdata/local/arduino15/packages/arduino/tools/arm-none-eabi-gcc/4.8.3-2014q1/bin/../lib/gcc/arm-none-eabi/4.8.3/armv6-m/crtend.o
 .jcr           0x00000000        0x4 c:/users/user/appdata/local/arduino15/packages/arduino/tools/arm-none-eabi-gcc/4.8.3-2014q1/bin/../lib/gcc/arm-none-eabi/4.8.3/armv6-m/crtend.o
 .ARM.attributes
                0x00000000       0x2c c:/users/user/appdata/local/arduino15/packages/arduino/tools/arm-none-eabi-gcc/4.8.3-2014q1/bin/../lib/gcc/arm-none-eabi/4.8.3/armv6-m/crtend.o
 .text          0x00000000        0x0 c:/users/user/appdata/local/arduino15/packages/arduino/tools/arm-none-eabi-gcc/4.8.3-2014q1/bin/../lib/gcc/arm-none-eabi/4.8.3/armv6-m/crtn.o
 .data          0x00000000        0x0 c:/users/user/appdata/local/arduino15/packages/arduino/tools/arm-none-eabi-gcc/4.8.3-2014q1/bin/../lib/gcc/arm-none-eabi/4.8.3/armv6-m/crtn.o
 .bss           0x00000000        0x0 c:/users/user/appdata/local/arduino15/packages/arduino/tools/arm-none-eabi-gcc/4.8.3-2014q1/bin/../lib/gcc/arm-none-eabi/4.8.3/armv6-m/crtn.o

Memory Configuration

Name             Origin             Length             Attributes
rom              0x00000000         0x00040000         xr
ram              0x20000000         0x00007ffc         xrw
*default*        0x00000000         0xffffffff

Linker script and memory map

LOAD c:/users/user/appdata/local/arduino15/packages/arduino/tools/arm-none-eabi-gcc/4.8.3-2014q1/bin/../lib/gcc/arm-none-eabi/4.8.3/armv6-m/crti.o
LOAD c:/users/user/appdata/local/arduino15/packages/arduino/tools/arm-none-eabi-gcc/4.8.3-2014q1/bin/../lib/gcc/arm-none-eabi/4.8.3/armv6-m/crtbegin.o
LOAD c:/users/user/appdata/local/arduino15/packages/arduino/tools/arm-none-eabi-gcc/4.8.3-2014q1/bin/../lib/gcc/arm-none-eabi/4.8.3/../../../../arm-none-eabi/lib/armv6-m/crt0.o
LOAD build/main.o
LOAD build/sam_ba_monitor.o
LOAD build/startup_samd21.o
LOAD build/usart_sam_ba.o
LOAD build/tinyscreen.o
LOAD build/drivers/cdc_enumerate.o
LOAD build/drivers/uart_driver.o
LOAD build/utils/interrupt/interrupt_sam_nvic.o
START GROUP
LOAD c:/users/user/appdata/local/arduino15/packages/arduino/tools/arm-none-eabi-gcc/4.8.3-2014q1/bin/../lib/gcc/arm-none-eabi/4.8.3/../../../../arm-none-eabi/lib/armv6-m\libm.a
END GROUP
START GROUP
LOAD c:/users/user/appdata/local/arduino15/packages/arduino/tools/arm-none-eabi-gcc/4.8.3-2014q1/bin/../lib/gcc/arm-none-eabi/4.8.3/armv6-m\libgcc.a
LOAD c:/users/user/appdata/local/arduino15/packages/arduino/tools/arm-none-eabi-gcc/4.8.3-2014q1/bin/../lib/gcc/arm-none-eabi/4.8.3/../../../../arm-none-eabi/lib/armv6-m\libc_s.a
END GROUP
START GROUP
LOAD c:/users/user/appdata/local/arduino15/packages/arduino/tools/arm-none-eabi-gcc/4.8.3-2014q1/bin/../lib/gcc/arm-none-eabi/4.8.3/armv6-m\libgcc.a
LOAD c:/users/user/appdata/local/arduino15/packages/arduino/tools/arm-none-eabi-gcc/4.8.3-2014q1/bin/../lib/gcc/arm-none-eabi/4.8.3/../../../../arm-none-eabi/lib/armv6-m\libc_s.a
LOAD c:/users/user/appdata/local/arduino15/packages/arduino/tools/arm-none-eabi-gcc/4.8.3-2014q1/bin/../lib/gcc/arm-none-eabi/4.8.3/../../../../arm-none-eabi/lib/armv6-m\libnosys.a
END GROUP
START GROUP
LOAD c:/users/user/appdata/local/arduino15/packages/arduino/tools/arm-none-eabi-gcc/4.8.3-2014q1/bin/../lib/gcc/arm-none-eabi/4.8.3/armv6-m\libgcc.a
LOAD c:/users/user/appdata/local/arduino15/packages/arduino/tools/arm-none-eabi-gcc/4.8.3-2014q1/bin/../lib/gcc/arm-none-eabi/4.8.3/../../../../arm-none-eabi/lib/armv6-m\libc_s.a
LOAD c:/users/user/appdata/local/arduino15/packages/arduino/tools/arm-none-eabi-gcc/4.8.3-2014q1/bin/../lib/gcc/arm-none-eabi/4.8.3/../../../../arm-none-eabi/lib/armv6-m\libnosys.a
END GROUP
LOAD c:/users/user/appdata/local/arduino15/packages/arduino/tools/arm-none-eabi-gcc/4.8.3-2014q1/bin/../lib/gcc/arm-none-eabi/4.8.3/armv6-m/crtend.o
LOAD c:/users/user/appdata/local/arduino15/packages/arduino/tools/arm-none-eabi-gcc/4.8.3-2014q1/bin/../lib/gcc/arm-none-eabi/4.8.3/armv6-m/crtn.o
                0x00002000                STACK_SIZE = DEFINED (STACK_SIZE)?STACK_SIZE:DEFINED (__stack_size__)?__stack_size__:0x2000

.text           0x00000000     0x1d04
                0x00000000                . = ALIGN (0x4)
                0x00000000                _sfixed = .
 *(.vectors .vectors.*)
 .vectors       0x00000000       0xb0 build/startup_samd21.o
                0x00000000                exception_table
 *(.text .text.* .gnu.linkonce.t.*)
 .text          0x000000b0       0x60 c:/users/user/appdata/local/arduino15/packages/arduino/tools/arm-none-eabi-gcc/4.8.3-2014q1/bin/../lib/gcc/arm-none-eabi/4.8.3/armv6-m/crtbegin.o
 .text.system_init
                0x00000110       0xe0 build/main.o
                0x00000110                system_init
 .text.startup.main
                0x000001f0      0x130 build/main.o
                0x000001f0                main
 .text.sam_ba_monitor_init
                0x00000320       0x2c build/sam_ba_monitor.o
                0x00000320                sam_ba_monitor_init
 .text.sam_ba_putdata_term
                0x0000034c       0x74 build/sam_ba_monitor.o
                0x0000034c                sam_ba_putdata_term
 .text.call_applet
                0x000003c0       0x28 build/sam_ba_monitor.o
                0x000003c0                call_applet
 .text.put_uint32
                0x000003e8       0x30 build/sam_ba_monitor.o
                0x000003e8                put_uint32
 .text.sam_ba_monitor_loop
                0x00000418      0x434 build/sam_ba_monitor.o
                0x00000418                sam_ba_monitor_loop
 .text.sam_ba_monitor_run
                0x0000084c       0x64 build/sam_ba_monitor.o
                0x0000084c                sam_ba_monitor_run
 .text.Dummy_Handler
                0x000008b0        0x2 build/startup_samd21.o
                0x000008b0                DMAC_Handler
                0x000008b0                HardFault_Handler
                0x000008b0                AC_Handler
                0x000008b0                SysTick_Handler
                0x000008b0                PendSV_Handler
                0x000008b0                NMI_Handler
                0x000008b0                TC7_Handler
                0x000008b0                SERCOM1_Handler
                0x000008b0                ADC_Handler
                0x000008b0                TCC1_Handler
                0x000008b0                SERCOM2_Handler
                0x000008b0                TCC0_Handler
                0x000008b0                RTC_Handler
                0x000008b0                EIC_Handler
                0x000008b0                TC6_Handler
                0x000008b0                WDT_Handler
                0x000008b0                TC4_Handler
                0x000008b0                USB_Handler
                0x000008b0                TC3_Handler
                0x000008b0                Dummy_Handler
                0x000008b0                PM_Handler
                0x000008b0                SERCOM5_Handler
                0x000008b0                SVC_Handler
                0x000008b0                TCC2_Handler
                0x000008b0                EVSYS_Handler
                0x000008b0                SERCOM3_Handler
                0x000008b0                SERCOM4_Handler
                0x000008b0                I2S_Handler
                0x000008b0                NVMCTRL_Handler
                0x000008b0                SERCOM0_Handler
                0x000008b0                DAC_Handler
                0x000008b0                PTC_Handler
                0x000008b0                TC5_Handler
                0x000008b0                SYSCTRL_Handler
 *fill*         0x000008b2        0x2 
 .text.Reset_Handler
                0x000008b4       0x64 build/startup_samd21.o
                0x000008b4                Reset_Handler
 .text.usart_open
                0x00000918       0xbc build/usart_sam_ba.o
                0x00000918                usart_open
 .text.usart_putc
                0x000009d4       0x14 build/usart_sam_ba.o
                0x000009d4                usart_putc
 .text.usart_is_rx_ready
                0x000009e8       0x10 build/usart_sam_ba.o
                0x000009e8                usart_is_rx_ready
 .text.usart_getc
                0x000009f8       0x18 build/usart_sam_ba.o
                0x000009f8                usart_getc
 .text.usart_sharp_received
                0x00000a10       0x1c build/usart_sam_ba.o
                0x00000a10                usart_sharp_received
 .text.usart_putdata
                0x00000a2c       0x1a build/usart_sam_ba.o
                0x00000a2c                usart_putdata
 .text.usart_getdata
                0x00000a46        0xe build/usart_sam_ba.o
                0x00000a46                usart_getdata
 .text.add_crc  0x00000a54       0x18 build/usart_sam_ba.o
                0x00000a54                add_crc
 .text.getbytes
                0x00000a6c       0x64 build/usart_sam_ba.o
 .text.getPacket
                0x00000ad0       0x6c build/usart_sam_ba.o
                0x00000ad0                getPacket
 .text.usart_putdata_xmd
                0x00000b3c      0x108 build/usart_sam_ba.o
                0x00000b3c                usart_putdata_xmd
 .text.usart_getdata_xmd
                0x00000c44       0xa0 build/usart_sam_ba.o
                0x00000c44                usart_getdata_xmd
 .text.TSstartCommand
                0x00000ce4       0x20 build/tinyscreen.o
                0x00000ce4                TSstartCommand
 .text.TSstartData
                0x00000d04       0x20 build/tinyscreen.o
                0x00000d04                TSstartData
 .text.TSendTransfer
                0x00000d24       0x10 build/tinyscreen.o
                0x00000d24                TSendTransfer
 .text.TSwrite  0x00000d34       0x38 build/tinyscreen.o
                0x00000d34                TSwrite
 .text.TSinit   0x00000d6c       0xcc build/tinyscreen.o
                0x00000d6c                TSinit
 .text.TSsetXY  0x00000e38       0x14 build/tinyscreen.o
                0x00000e38                TSsetXY
 .text.TSwriteBuff
                0x00000e4c       0x24 build/tinyscreen.o
                0x00000e4c                TSwriteBuff
 .text.TSwritech
                0x00000e70       0x7c build/tinyscreen.o
                0x00000e70                TSwritech
 .text.TSprint  0x00000eec       0x14 build/tinyscreen.o
                0x00000eec                TSprint
 .text.USB_Read
                0x00000f00       0x8c build/drivers/cdc_enumerate.o
 .text.USB_Write
                0x00000f8c       0xa0 build/drivers/cdc_enumerate.o
 .text.AT91F_InitUSB
                0x0000102c      0x10c build/drivers/cdc_enumerate.o
                0x0000102c                AT91F_InitUSB
 .text.AT91F_CDC_Open
                0x00001138       0x2c build/drivers/cdc_enumerate.o
                0x00001138                AT91F_CDC_Open
 .text.AT91F_USB_SendZlp
                0x00001164       0x38 build/drivers/cdc_enumerate.o
                0x00001164                AT91F_USB_SendZlp
 .text.USB_IsConfigured
                0x0000119c      0x438 build/drivers/cdc_enumerate.o
 .text.usb_init
                0x000015d4       0x20 build/drivers/cdc_enumerate.o
                0x000015d4                usb_init
 .text.cdc_putc
                0x000015f4       0x18 build/drivers/cdc_enumerate.o
                0x000015f4                cdc_putc
 .text.cdc_getc
                0x0000160c       0x18 build/drivers/cdc_enumerate.o
                0x0000160c                cdc_getc
 .text.cdc_is_rx_ready
                0x00001624       0x24 build/drivers/cdc_enumerate.o
                0x00001624                cdc_is_rx_ready
 .text.cdc_write_buf
                0x00001648       0x1c build/drivers/cdc_enumerate.o
                0x00001648                cdc_write_buf
 .text.cdc_read_buf
                0x00001664       0x28 build/drivers/cdc_enumerate.o
                0x00001664                cdc_read_buf
 .text.cdc_read_buf_xmd
                0x0000168c       0x38 build/drivers/cdc_enumerate.o
                0x0000168c                cdc_read_buf_xmd
 .text.uart_get_sercom_index
                0x000016c4       0x30 build/drivers/uart_driver.o
                0x000016c4                uart_get_sercom_index
 .text.uart_basic_init
                0x000016f4       0x5c build/drivers/uart_driver.o
                0x000016f4                uart_basic_init
 .text.uart_write_byte
                0x00001750        0xa build/drivers/uart_driver.o
                0x00001750                uart_write_byte
 *fill*         0x0000175a        0x2 
 .text.uart_read_byte
                0x0000175c       0x30 build/drivers/uart_driver.o
                0x0000175c                uart_read_byte
 .text.__libc_init_array
                0x0000178c       0x4c c:/users/user/appdata/local/arduino15/packages/arduino/tools/arm-none-eabi-gcc/4.8.3-2014q1/bin/../lib/gcc/arm-none-eabi/4.8.3/../../../../arm-none-eabi/lib/armv6-m\libc_s.a(lib_a-init.o)
                0x0000178c                __libc_init_array
 .text.memcpy   0x000017d8       0x12 c:/users/user/appdata/local/arduino15/packages/arduino/tools/arm-none-eabi-gcc/4.8.3-2014q1/bin/../lib/gcc/arm-none-eabi/4.8.3/../../../../arm-none-eabi/lib/armv6-m\libc_s.a(lib_a-memcpy-stub.o)
                0x000017d8                memcpy
 .text.memset   0x000017ea       0x10 c:/users/user/appdata/local/arduino15/packages/arduino/tools/arm-none-eabi-gcc/4.8.3-2014q1/bin/../lib/gcc/arm-none-eabi/4.8.3/../../../../arm-none-eabi/lib/armv6-m\libc_s.a(lib_a-memset.o)
                0x000017ea                memset
 *(.glue_7t)
 .glue_7t       0x00000000        0x0 linker stubs
 *(.glue_7)
 .glue_7        0x00000000        0x0 linker stubs
 *(.rodata .rodata* .gnu.linkonce.r.*)
 .rodata.str1.1
                0x000017fa       0x1c build/main.o
 *fill*         0x00001816        0x2 
 .rodata        0x00001818       0x20 build/sam_ba_monitor.o
 .rodata.uart_if
                0x00001838       0x1c build/sam_ba_monitor.o
                0x00001838                uart_if
 .rodata.str1.1
                0x00001854       0x29 build/sam_ba_monitor.o
                                 0x2c (size before relaxing)
 .rodata.RomBOOT_Version
                0x0000187d        0x4 build/sam_ba_monitor.o
                0x0000187d                RomBOOT_Version
 *fill*         0x00001881        0x3 
 .rodata.usbcdc_if
                0x00001884       0x1c build/sam_ba_monitor.o
                0x00001884                usbcdc_if
 .rodata.RomBOOT_ExtendedCapabilities
                0x000018a0        0xe build/sam_ba_monitor.o
                0x000018a0                RomBOOT_ExtendedCapabilities
 .rodata.crc16Table
                0x000018ae      0x200 build/usart_sam_ba.o
 .rodata        0x00001aae       0x2a build/tinyscreen.o
 .rodata.Font5x7
                0x00001ad8      0x1e0 build/tinyscreen.o
                0x00001ad8                Font5x7
 .rodata.devDescriptor
                0x00001cb8       0x14 build/drivers/cdc_enumerate.o
                0x00001cb8                devDescriptor
 .rodata        0x00001ccc       0x18 build/drivers/uart_driver.o
 *(.ARM.extab* .gnu.linkonce.armextab.*)
                0x00001ce4                . = ALIGN (0x4)
 *(.init)
 .init          0x00001ce4        0x4 c:/users/user/appdata/local/arduino15/packages/arduino/tools/arm-none-eabi-gcc/4.8.3-2014q1/bin/../lib/gcc/arm-none-eabi/4.8.3/armv6-m/crti.o
                0x00001ce4                _init
 .init          0x00001ce8        0x8 c:/users/user/appdata/local/arduino15/packages/arduino/tools/arm-none-eabi-gcc/4.8.3-2014q1/bin/../lib/gcc/arm-none-eabi/4.8.3/armv6-m/crtn.o
                0x00001cf0                . = ALIGN (0x4)
                0x00001cf0                __preinit_array_start = .
 *(.preinit_array)
                0x00001cf0                __preinit_array_end = .
                0x00001cf0                . = ALIGN (0x4)
                0x00001cf0                __init_array_start = .
 *(SORT(.init_array.*))
 *(.init_array)
 .init_array    0x00001cf0        0x4 c:/users/user/appdata/local/arduino15/packages/arduino/tools/arm-none-eabi-gcc/4.8.3-2014q1/bin/../lib/gcc/arm-none-eabi/4.8.3/armv6-m/crtbegin.o
                0x00001cf4                __init_array_end = .
                0x00001cf4                . = ALIGN (0x4)
 *crtbegin.o(.ctors)
 *(EXCLUDE_FILE(*crtend.o) .ctors)
 *(SORT(.ctors.*))
 *crtend.o(.ctors)
                0x00001cf4                . = ALIGN (0x4)
 *(.fini)
 .fini          0x00001cf4        0x4 c:/users/user/appdata/local/arduino15/packages/arduino/tools/arm-none-eabi-gcc/4.8.3-2014q1/bin/../lib/gcc/arm-none-eabi/4.8.3/armv6-m/crti.o
                0x00001cf4                _fini
 .fini          0x00001cf8        0x8 c:/users/user/appdata/local/arduino15/packages/arduino/tools/arm-none-eabi-gcc/4.8.3-2014q1/bin/../lib/gcc/arm-none-eabi/4.8.3/armv6-m/crtn.o
                0x00001d00                . = ALIGN (0x4)
                0x00001d00                __fini_array_start = .
 *(.fini_array)
 .fini_array    0x00001d00        0x4 c:/users/user/appdata/local/arduino15/packages/arduino/tools/arm-none-eabi-gcc/4.8.3-2014q1/bin/../lib/gcc/arm-none-eabi/4.8.3/armv6-m/crtbegin.o
 *(SORT(.fini_array.*))
                0x00001d04                __fini_array_end = .
 *crtbegin.o(.dtors)
 *(EXCLUDE_FILE(*crtend.o) .dtors)
 *(SORT(.dtors.*))
 *crtend.o(.dtors)
                0x00001d04                . = ALIGN (0x4)
                0x00001d04                _efixed = .
                0x00001d04                PROVIDE (__exidx_start, .)

.vfp11_veneer   0x00001d04        0x0
 .vfp11_veneer  0x00000000        0x0 linker stubs

.v4_bx          0x00001d04        0x0
 .v4_bx         0x00000000        0x0 linker stubs

.iplt           0x00001d04        0x0
 .iplt          0x00000000        0x0 c:/users/user/appdata/local/arduino15/packages/arduino/tools/arm-none-eabi-gcc/4.8.3-2014q1/bin/../lib/gcc/arm-none-eabi/4.8.3/armv6-m/crtbegin.o

.eh_frame       0x00001d04        0x0
 .eh_frame      0x00001d04        0x0 c:/users/user/appdata/local/arduino15/packages/arduino/tools/arm-none-eabi-gcc/4.8.3-2014q1/bin/../lib/gcc/arm-none-eabi/4.8.3/armv6-m/crtbegin.o

.rel.dyn        0x00001d04        0x0
 .rel.iplt      0x00000000        0x0 c:/users/user/appdata/local/arduino15/packages/arduino/tools/arm-none-eabi-gcc/4.8.3-2014q1/bin/../lib/gcc/arm-none-eabi/4.8.3/armv6-m/crtbegin.o

.jcr            0x00001d04        0x0
 .jcr           0x00001d04        0x0 c:/users/user/appdata/local/arduino15/packages/arduino/tools/arm-none-eabi-gcc/4.8.3-2014q1/bin/../lib/gcc/arm-none-eabi/4.8.3/armv6-m/crtbegin.o

.igot.plt       0x00001d04        0x0
 .igot.plt      0x00000000        0x0 c:/users/user/appdata/local/arduino15/packages/arduino/tools/arm-none-eabi-gcc/4.8.3-2014q1/bin/../lib/gcc/arm-none-eabi/4.8.3/armv6-m/crtbegin.o

.ARM.exidx
 *(.ARM.exidx* .gnu.linkonce.armexidx.*)
                0x00001d04                PROVIDE (__exidx_end, .)
                0x00001d04                . = ALIGN (0x4)
                0x00001d04                _etext = .

.relocate       0x20000000       0x68 load address 0x00001d04
                0x20000000                . = ALIGN (0x4)
                0x20000000                _srelocate = .
 *(.ramfunc .ramfunc.*)
 *(.data .data.*)
 .data.TSP_PORT_RST
                0x20000000        0x4 build/tinyscreen.o
                0x20000000                TSP_PORT_RST
 .data.TSP_PORT_SCK
                0x20000004        0x4 build/tinyscreen.o
                0x20000004                TSP_PORT_SCK
 .data.TSP_PORT_CS
                0x20000008        0x4 build/tinyscreen.o
                0x20000008                TSP_PORT_CS
 .data.TSP_PORT_SHDN
                0x2000000c        0x4 build/tinyscreen.o
                0x2000000c                TSP_PORT_SHDN
 .data.TSP_PORT_DAT
                0x20000010        0x4 build/tinyscreen.o
                0x20000010                TSP_PORT_DAT
 .data.TSP_PORT_DC
                0x20000014        0x4 build/tinyscreen.o
                0x20000014                TSP_PORT_DC
 .data.cfgDescriptor
                0x20000018       0x44 build/drivers/cdc_enumerate.o
                0x20000018                cfgDescriptor
 .data.line_coding
                0x2000005c        0x8 build/drivers/cdc_enumerate.o
 .data.g_interrupt_enabled
                0x20000064        0x1 build/utils/interrupt/interrupt_sam_nvic.o
                0x20000064                g_interrupt_enabled
                0x20000068                . = ALIGN (0x4)
 *fill*         0x20000065        0x3 
                0x20000068                _erelocate = .

.bss            0x20000068     0x1b54 load address 0x00001d6c
                0x20000068                . = ALIGN (0x4)
                0x20000068                _sbss = .
                0x20000068                _szero = .
 *(.bss .bss.*)
 .bss           0x20000068       0x1c c:/users/user/appdata/local/arduino15/packages/arduino/tools/arm-none-eabi-gcc/4.8.3-2014q1/bin/../lib/gcc/arm-none-eabi/4.8.3/armv6-m/crtbegin.o
 .bss.main_b_cdc_enable
                0x20000084        0x1 build/main.o
 *fill*         0x20000085        0x3 
 .bss.src_buff_addr.11753
                0x20000088        0x4 build/sam_ba_monitor.o
 .bss.b_terminal_mode
                0x2000008c        0x1 build/sam_ba_monitor.o
                0x2000008c                b_terminal_mode
 .bss.b_sam_ba_interface_usart
                0x2000008d        0x1 build/sam_ba_monitor.o
                0x2000008d                b_sam_ba_interface_usart
 *fill*         0x2000008e        0x2 
 .bss.TS_x      0x20000090        0x4 build/tinyscreen.o
                0x20000090                TS_x
 .bss.TS_y      0x20000094        0x4 build/tinyscreen.o
                0x20000094                TS_y
 .bss.wIndex.11683
                0x20000098        0x2 build/drivers/cdc_enumerate.o
 .bss.wLength.11684
                0x2000009a        0x2 build/drivers/cdc_enumerate.o
 .bss.pCdc      0x2000009c       0x14 build/drivers/cdc_enumerate.o
 .bss.read_job  0x200000b0        0x1 build/drivers/cdc_enumerate.o
 .bss.bmRequestType.11679
                0x200000b1        0x1 build/drivers/cdc_enumerate.o
 .bss.bRequest.11680
                0x200000b2        0x1 build/drivers/cdc_enumerate.o
 *fill*         0x200000b3        0x1 
 .bss.usb_endpoint_table
                0x200000b4       0x80 build/drivers/cdc_enumerate.o
                0x200000b4                usb_endpoint_table
 .bss.wValue.11682
                0x20000134        0x2 build/drivers/cdc_enumerate.o
 .bss.wStatus.11685
                0x20000136        0x2 build/drivers/cdc_enumerate.o
 .bss.dir.11681
                0x20000138        0x1 build/drivers/cdc_enumerate.o
 .bss.uart_drv_error_flag
                0x20000139        0x1 build/drivers/uart_driver.o
                0x20000139                uart_drv_error_flag
 *(COMMON)
 *fill*         0x2000013a        0x2 
 COMMON         0x2000013c       0x74 build/sam_ba_monitor.o
                0x2000013c                j
                0x20000140                length
                0x20000144                ptr
                0x20000148                command
                0x2000014c                MAX_FLASH
                0x20000150                PAGES
                0x20000154                i
                0x20000158                PAGE_SIZE
                0x2000015c                data
                0x2000019c                ptr_data
                0x200001a0                ptr_monitor_if
                0x200001a4                sp
                0x200001a8                current_number
                0x200001ac                u32tmp
 COMMON         0x200001b0      0x109 build/usart_sam_ba.o
                0x200001b0                b_sharp_received
                0x200001b1                idx_rx_write
                0x200001b2                size_of_data
                0x200001b4                idx_tx_read
                0x200001b5                buffer_tx_usart
                0x20000235                error_timeout
                0x20000236                mode_of_transfer
                0x20000237                idx_rx_read
                0x20000238                idx_tx_write
                0x20000239                buffer_rx_usart
 COMMON         0x200002b9     0x1800 build/tinyscreen.o
                0x200002b9                TS_buf
 *fill*         0x20001ab9        0x3 
 COMMON         0x20001abc      0x100 build/drivers/cdc_enumerate.o
                0x20001abc                udd_ep_out_cache_buffer
                0x20001b3c                udd_ep_in_cache_buffer
                0x20001bbc                . = ALIGN (0x4)
                0x20001bbc                _ebss = .
                0x20001bbc                _ezero = .

.stack          0x20001bbc     0x2004 load address 0x000038c0
                0x20001bc0                . = ALIGN (0x8)
 *fill*         0x20001bbc        0x4 
                0x20001bc0                _sstack = .
                0x20003bc0                . = (. + STACK_SIZE)
 *fill*         0x20001bc0     0x2000 
                0x20003bc0                . = ALIGN (0x8)
                0x20003bc0                _estack = .
                0x20003bc0                . = ALIGN (0x4)
                0x20003bc0                _end = .
OUTPUT(build/samd21_sam_ba_tsp.elf elf32-littlearm)

.ARM.attributes
                0x00000000       0x28
 .ARM.attributes
                0x00000000       0x1e c:/users/user/appdata/local/arduino15/packages/arduino/tools/arm-none-eabi-gcc/4.8.3-2014q1/bin/../lib/gcc/arm-none-eabi/4.8.3/armv6-m/crti.o
 .ARM.attributes
                0x0000001e       0x2c c:/users/user/appdata/local/arduino15/packages/arduino/tools/arm-none-eabi-gcc/4.8.3-2014q1/bin/../lib/gcc/arm-none-eabi/4.8.3/armv6-m/crtbegin.o
 .ARM.attributes
                0x0000004a       0x32 build/main.o
 .ARM.attributes
                0x0000007c       0x32 build/sam_ba_monitor.o
 .ARM.attributes
                0x000000ae       0x32 build/startup_samd21.o
 .ARM.attributes
                0x000000e0       0x32 build/usart_sam_ba.o
 .ARM.attributes
                0x00000112       0x32 build/tinyscreen.o
 .ARM.attributes
                0x00000144       0x32 build/drivers/cdc_enumerate.o
 .ARM.attributes
                0x00000176       0x32 build/drivers/uart_driver.o
 .ARM.attributes
                0x000001a8       0x32 build/utils/interrupt/interrupt_sam_nvic.o
 .ARM.attributes
                0x000001da       0x2c c:/users/user/appdata/local/arduino15/packages/arduino/tools/arm-none-eabi-gcc/4.8.3-2014q1/bin/../lib/gcc/arm-none-eabi/4.8.3/../../../../arm-none-eabi/lib/armv6-m\libc_s.a(lib_a-init.o)
 .ARM.attributes
                0x00000206       0x2c c:/users/user/appdata/local/arduino15/packages/arduino/tools/arm-none-eabi-gcc/4.8.3-2014q1/bin/../lib/gcc/arm-none-eabi/4.8.3/../../../../arm-none-eabi/lib/armv6-m\libc_s.a(lib_a-memcpy-stub.o)
 .ARM.attributes
                0x00000232       0x2c c:/users/user/appdata/local/arduino15/packages/arduino/tools/arm-none-eabi-gcc/4.8.3-2014q1/bin/../lib/gcc/arm-none-eabi/4.8.3/../../../../arm-none-eabi/lib/armv6-m\libc_s.a(lib_a-memset.o)
 .ARM.attributes
                0x0000025e       0x1e c:/users/user/appdata/local/arduino15/packages/arduino/tools/arm-none-eabi-gcc/4.8.3-2014q1/bin/../lib/gcc/arm-none-eabi/4.8.3/armv6-m/crtn.o

.comment        0x00000000       0x70
 .comment       0x00000000       0x70 build/main.o
                                 0x71 (size before relaxing)
 .comment       0x00000000       0x71 build/sam_ba_monitor.o
 .comment       0x00000000       0x71 build/startup_samd21.o
 .comment       0x00000000       0x71 build/usart_sam_ba.o
 .comment       0x00000000       0x71 build/tinyscreen.o
 .comment       0x00000000       0x71 build/drivers/cdc_enumerate.o
 .comment       0x00000000       0x71 build/drivers/uart_driver.o
 .comment       0x00000000       0x71 build/utils/interrupt/interrupt_sam_nvic.o

.debug_info     0x00000000     0xeea7
 .debug_info    0x00000000     0x4423 build/main.o
 .debug_info    0x00004423      0xd5c build/sam_ba_monitor.o
 .debug_info    0x0000517f      0x434 build/startup_samd21.o
 .debug_info    0x000055b3     0x35e2 build/usart_sam_ba.o
 .debug_info    0x00008b95      0xadb build/tinyscreen.o
 .debug_info    0x00009670     0x37cd build/drivers/cdc_enumerate.o
 .debug_info    0x0000ce3d     0x1e97 build/drivers/uart_driver.o
 .debug_info    0x0000ecd4      0x1d3 build/utils/interrupt/interrupt_sam_nvic.o

.debug_abbrev   0x00000000     0x1547
 .debug_abbrev  0x00000000      0x36c build/main.o
 .debug_abbrev  0x0000036c      0x3b3 build/sam_ba_monitor.o
 .debug_abbrev  0x0000071f      0x14f build/startup_samd21.o
 .debug_abbrev  0x0000086e      0x3e1 build/usart_sam_ba.o
 .debug_abbrev  0x00000c4f      0x25c build/tinyscreen.o
 .debug_abbrev  0x00000eab      0x3e6 build/drivers/cdc_enumerate.o
 .debug_abbrev  0x00001291      0x1c7 build/drivers/uart_driver.o
 .debug_abbrev  0x00001458       0xef build/utils/interrupt/interrupt_sam_nvic.o

.debug_loc      0x00000000     0x151c
 .debug_loc     0x00000000      0x115 build/main.o
 .debug_loc     0x00000115      0x2f4 build/sam_ba_monitor.o
 .debug_loc     0x00000409       0xa8 build/startup_samd21.o
 .debug_loc     0x000004b1      0x689 build/usart_sam_ba.o
 .debug_loc     0x00000b3a      0x187 build/tinyscreen.o
 .debug_loc     0x00000cc1      0x72e build/drivers/cdc_enumerate.o
 .debug_loc     0x000013ef      0x12d build/drivers/uart_driver.o

.debug_aranges  0x00000000      0x280
 .debug_aranges
                0x00000000       0x28 build/main.o
 .debug_aranges
                0x00000028       0x48 build/sam_ba_monitor.o
 .debug_aranges
                0x00000070       0x28 build/startup_samd21.o
 .debug_aranges
                0x00000098       0x88 build/usart_sam_ba.o
 .debug_aranges
                0x00000120       0x60 build/tinyscreen.o
 .debug_aranges
                0x00000180       0x88 build/drivers/cdc_enumerate.o
 .debug_aranges
                0x00000208       0x50 build/drivers/uart_driver.o
 .debug_aranges
                0x00000258       0x28 build/utils/interrupt/interrupt_sam_nvic.o

.debug_ranges   0x00000000      0x248
 .debug_ranges  0x00000000       0x18 build/main.o
 .debug_ranges  0x00000018       0x38 build/sam_ba_monitor.o
 .debug_ranges  0x00000050       0x18 build/startup_samd21.o
 .debug_ranges  0x00000068       0x90 build/usart_sam_ba.o
 .debug_ranges  0x000000f8       0x50 build/tinyscreen.o
 .debug_ranges  0x00000148       0x90 build/drivers/cdc_enumerate.o
 .debug_ranges  0x000001d8       0x58 build/drivers/uart_driver.o
 .debug_ranges  0x00000230       0x18 build/utils/interrupt/interrupt_sam_nvic.o

.debug_line     0x00000000     0x1cd1
 .debug_line    0x00000000      0x3ef build/main.o
 .debug_line    0x000003ef      0x498 build/sam_ba_monitor.o
 .debug_line    0x00000887      0x21d build/startup_samd21.o
 .debug_line    0x00000aa4      0x499 build/usart_sam_ba.o
 .debug_line    0x00000f3d      0x381 build/tinyscreen.o
 .debug_line    0x000012be      0x4dc build/drivers/cdc_enumerate.o
 .debug_line    0x0000179a      0x2f4 build/drivers/uart_driver.o
 .debug_line    0x00001a8e      0x243 build/utils/interrupt/interrupt_sam_nvic.o

.debug_str      0x00000000     0x2644
 .debug_str     0x00000000     0x13cf build/main.o
                               0x151c (size before relaxing)
 .debug_str     0x000013cf      0x1ad build/sam_ba_monitor.o
                                0x6af (size before relaxing)
 .debug_str     0x0000157c      0x34e build/startup_samd21.o
                                0x567 (size before relaxing)
 .debug_str     0x000018ca      0x86b build/usart_sam_ba.o
                               0x10d6 (size before relaxing)
 .debug_str     0x00002135       0xd7 build/tinyscreen.o
                                0x57c (size before relaxing)
 .debug_str     0x0000220c      0x336 build/drivers/cdc_enumerate.o
                               0x1237 (size before relaxing)
 .debug_str     0x00002542       0xa1 build/drivers/uart_driver.o
                                0xa3b (size before relaxing)
 .debug_str     0x000025e3       0x61 build/utils/interrupt/interrupt_sam_nvic.o
                                0x336 (size before relaxing)

.debug_frame    0x00000000      0x648
 .debug_frame   0x00000000       0x48 build/main.o
 .debug_frame   0x00000048       0xa4 build/sam_ba_monitor.o
 .debug_frame   0x000000ec       0x38 build/startup_samd21.o
 .debug_frame   0x00000124      0x174 build/usart_sam_ba.o
 .debug_frame   0x00000298       0xe0 build/tinyscreen.o
 .debug_frame   0x00000378      0x180 build/drivers/cdc_enumerate.o
 .debug_frame   0x000004f8       0xac build/drivers/uart_driver.o
 .debug_frame   0x000005a4       0x30 build/utils/interrupt/interrupt_sam_nvic.o
 .debug_frame   0x000005d4       0x2c c:/users/user/appdata/local/arduino15/packages/arduino/tools/arm-none-eabi-gcc/4.8.3-2014q1/bin/../lib/gcc/arm-none-eabi/4.8.3/../../../../arm-none-eabi/lib/armv6-m\libc_s.a(lib_a-init.o)
 .debug_frame   0x00000600       0x28 c:/users/user/appdata/local/arduino15/packages/arduino/tools/arm-none-eabi-gcc/4.8.3-2014q1/bin/../lib/gcc/arm-none-eabi/4.8.3/../../../../arm-none-eabi/lib/armv6-m\libc_s.a(lib_a-memcpy-stub.o)
 .debug_frame   0x00000628       0x20 c:/users/user/appdata/local/arduino15/packages/arduino/tools/arm-none-eabi-gcc/4.8.3-2014q1/bin/../lib/gcc/arm-none-eabi/4.8.3/../../../../arm-none-eabi/lib/armv6-m\libc_s.a(lib_a-memset.o)

Cross Reference Table

Symbol                                            File
AC_Handler                                        build/startup_samd21.o
ADC_Handler                                       build/startup_samd21.o
AT91F_CDC_Open                                    build/drivers/cdc_enumerate.o
AT91F_InitUSB                                     build/drivers/cdc_enumerate.o
AT91F_USB_SendStall                               build/drivers/cdc_enumerate.o
AT91F_USB_SendZlp                                 build/drivers/cdc_enumerate.o
DAC_Handler                                       build/startup_samd21.o
DMAC_Handler                                      build/startup_samd21.o
Dummy_Handler                                     build/startup_samd21.o
EIC_Handler                                       build/startup_samd21.o
EVSYS_Handler                                     build/startup_samd21.o
Font5x7                                           build/tinyscreen.o
HardFault_Handler                                 build/startup_samd21.o
I2S_Handler                                       build/startup_samd21.o
MAX_FLASH                                         build/sam_ba_monitor.o
NMI_Handler                                       build/startup_samd21.o
NVMCTRL_Handler                                   build/startup_samd21.o
PAGES                                             build/sam_ba_monitor.o
PAGE_SIZE                                         build/sam_ba_monitor.o
PM_Handler                                        build/startup_samd21.o
PTC_Handler                                       build/startup_samd21.o
PendSV_Handler                                    build/startup_samd21.o
RTC_Handler                                       build/startup_samd21.o
Reset_Handler                                     build/startup_samd21.o
RomBOOT_ExtendedCapabilities                      build/sam_ba_monitor.o
RomBOOT_Version                                   build/sam_ba_monitor.o
SERCOM0_Handler                                   build/startup_samd21.o
SERCOM1_Handler                                   build/startup_samd21.o
SERCOM2_Handler                                   build/startup_samd21.o
SERCOM3_Handler                                   build/startup_samd21.o
SERCOM4_Handler                                   build/startup_samd21.o
SERCOM5_Handler                                   build/startup_samd21.o
SVC_Handler                                       build/startup_samd21.o
SYSCTRL_Handler                                   build/startup_samd21.o
SysTick_Handler                                   build/startup_samd21.o
TC3_Handler                                       build/startup_samd21.o
TC4_Handler                                       build/startup_samd21.o
TC5_Handler                                       build/startup_samd21.o
TC6_Handler                                       build/startup_samd21.o
TC7_Handler                                       build/startup_samd21.o
TCC0_Handler                                      build/startup_samd21.o
TCC1_Handler                                      build/startup_samd21.o
TCC2_Handler                                      build/startup_samd21.o
TSP_PIN_CS                                        build/tinyscreen.o
TSP_PIN_DAT                                       build/tinyscreen.o
TSP_PIN_DC                                        build/tinyscreen.o
TSP_PIN_RST                                       build/tinyscreen.o
TSP_PIN_SCK                                       build/tinyscreen.o
TSP_PIN_SHDN                                      build/tinyscreen.o
TSP_PORT_CS                                       build/tinyscreen.o
TSP_PORT_DAT                                      build/tinyscreen.o
TSP_PORT_DC                                       build/tinyscreen.o
TSP_PORT_RST                                      build/tinyscreen.o
TSP_PORT_SCK                                      build/tinyscreen.o
TSP_PORT_SHDN                                     build/tinyscreen.o
TS_buf                                            build/tinyscreen.o
TS_x                                              build/tinyscreen.o
TS_y                                              build/tinyscreen.o
TSendTransfer                                     build/tinyscreen.o
                                                  build/main.o
TSinit                                            build/tinyscreen.o
                                                  build/main.o
TSprint                                           build/tinyscreen.o
                                                  build/main.o
TSsetXY                                           build/tinyscreen.o
                                                  build/main.o
TSstartCommand                                    build/tinyscreen.o
                                                  build/main.o
TSstartData                                       build/tinyscreen.o
TSwrite                                           build/tinyscreen.o
                                                  build/main.o
TSwriteBuff                                       build/tinyscreen.o
                                                  build/main.o
TSwritech                                         build/tinyscreen.o
USB_Handler                                       build/startup_samd21.o
WDT_Handler                                       build/startup_samd21.o
_Jv_RegisterClasses                               c:/users/user/appdata/local/arduino15/packages/arduino/tools/arm-none-eabi-gcc/4.8.3-2014q1/bin/../lib/gcc/arm-none-eabi/4.8.3/armv6-m/crtbegin.o
__bss_end__                                       c:/users/user/appdata/local/arduino15/packages/arduino/tools/arm-none-eabi-gcc/4.8.3-2014q1/bin/../lib/gcc/arm-none-eabi/4.8.3/../../../../arm-none-eabi/lib/armv6-m/crt0.o
__bss_start__                                     c:/users/user/appdata/local/arduino15/packages/arduino/tools/arm-none-eabi-gcc/4.8.3-2014q1/bin/../lib/gcc/arm-none-eabi/4.8.3/../../../../arm-none-eabi/lib/armv6-m/crt0.o
__call_exitprocs                                  c:/users/user/appdata/local/arduino15/packages/arduino/tools/arm-none-eabi-gcc/4.8.3-2014q1/bin/../lib/gcc/arm-none-eabi/4.8.3/../../../../arm-none-eabi/lib/armv6-m\libc_s.a(lib_a-exit.o)
__deregister_frame_info                           c:/users/user/appdata/local/arduino15/packages/arduino/tools/arm-none-eabi-gcc/4.8.3-2014q1/bin/../lib/gcc/arm-none-eabi/4.8.3/armv6-m/crtbegin.o
__dso_handle                                      c:/users/user/appdata/local/arduino15/packages/arduino/tools/arm-none-eabi-gcc/4.8.3-2014q1/bin/../lib/gcc/arm-none-eabi/4.8.3/armv6-m/crtbegin.o
__init_array_end                                  c:/users/user/appdata/local/arduino15/packages/arduino/tools/arm-none-eabi-gcc/4.8.3-2014q1/bin/../lib/gcc/arm-none-eabi/4.8.3/../../../../arm-none-eabi/lib/armv6-m\libc_s.a(lib_a-init.o)
__init_array_start                                c:/users/user/appdata/local/arduino15/packages/arduino/tools/arm-none-eabi-gcc/4.8.3-2014q1/bin/../lib/gcc/arm-none-eabi/4.8.3/../../../../arm-none-eabi/lib/armv6-m\libc_s.a(lib_a-init.o)
__libc_fini_array                                 c:/users/user/appdata/local/arduino15/packages/arduino/tools/arm-none-eabi-gcc/4.8.3-2014q1/bin/../lib/gcc/arm-none-eabi/4.8.3/../../../../arm-none-eabi/lib/armv6-m/crt0.o
__libc_init_array                                 c:/users/user/appdata/local/arduino15/packages/arduino/tools/arm-none-eabi-gcc/4.8.3-2014q1/bin/../lib/gcc/arm-none-eabi/4.8.3/../../../../arm-none-eabi/lib/armv6-m\libc_s.a(lib_a-init.o)
                                                  build/startup_samd21.o
                                                  c:/users/user/appdata/local/arduino15/packages/arduino/tools/arm-none-eabi-gcc/4.8.3-2014q1/bin/../lib/gcc/arm-none-eabi/4.8.3/../../../../arm-none-eabi/lib/armv6-m/crt0.o
__preinit_array_end                               c:/users/user/appdata/local/arduino15/packages/arduino/tools/arm-none-eabi-gcc/4.8.3-2014q1/bin/../lib/gcc/arm-none-eabi/4.8.3/../../../../arm-none-eabi/lib/armv6-m\libc_s.a(lib_a-init.o)
__preinit_array_start                             c:/users/user/appdata/local/arduino15/packages/arduino/tools/arm-none-eabi-gcc/4.8.3-2014q1/bin/../lib/gcc/arm-none-eabi/4.8.3/../../../../arm-none-eabi/lib/armv6-m\libc_s.a(lib_a-init.o)
__register_frame_info                             c:/users/user/appdata/local/arduino15/packages/arduino/tools/arm-none-eabi-gcc/4.8.3-2014q1/bin/../lib/gcc/arm-none-eabi/4.8.3/armv6-m/crtbegin.o
__sf_fake_stderr                                  c:/users/user/appdata/local/arduino15/packages/arduino/tools/arm-none-eabi-gcc/4.8.3-2014q1/bin/../lib/gcc/arm-none-eabi/4.8.3/../../../../arm-none-eabi/lib/armv6-m\libc_s.a(lib_a-impure.o)
__sf_fake_stdin                                   c:/users/user/appdata/local/arduino15/packages/arduino/tools/arm-none-eabi-gcc/4.8.3-2014q1/bin/../lib/gcc/arm-none-eabi/4.8.3/../../../../arm-none-eabi/lib/armv6-m\libc_s.a(lib_a-impure.o)
__sf_fake_stdout                                  c:/users/user/appdata/local/arduino15/packages/arduino/tools/arm-none-eabi-gcc/4.8.3-2014q1/bin/../lib/gcc/arm-none-eabi/4.8.3/../../../../arm-none-eabi/lib/armv6-m\libc_s.a(lib_a-impure.o)
__stack                                           c:/users/user/appdata/local/arduino15/packages/arduino/tools/arm-none-eabi-gcc/4.8.3-2014q1/bin/../lib/gcc/arm-none-eabi/4.8.3/../../../../arm-none-eabi/lib/armv6-m/crt0.o
_erelocate                                        build/startup_samd21.o
_estack                                           build/startup_samd21.o
_etext                                            build/startup_samd21.o
_exit                                             c:/users/user/appdata/local/arduino15/packages/arduino/tools/arm-none-eabi-gcc/4.8.3-2014q1/bin/../lib/gcc/arm-none-eabi/4.8.3/../../../../arm-none-eabi/lib/armv6-m\libnosys.a(_exit.o)
                                                  c:/users/user/appdata/local/arduino15/packages/arduino/tools/arm-none-eabi-gcc/4.8.3-2014q1/bin/../lib/gcc/arm-none-eabi/4.8.3/../../../../arm-none-eabi/lib/armv6-m\libc_s.a(lib_a-exit.o)
_ezero                                            build/startup_samd21.o
_fini                                             c:/users/user/appdata/local/arduino15/packages/arduino/tools/arm-none-eabi-gcc/4.8.3-2014q1/bin/../lib/gcc/arm-none-eabi/4.8.3/armv6-m/crti.o
_global_impure_ptr                                c:/users/user/appdata/local/arduino15/packages/arduino/tools/arm-none-eabi-gcc/4.8.3-2014q1/bin/../lib/gcc/arm-none-eabi/4.8.3/../../../../arm-none-eabi/lib/armv6-m\libc_s.a(lib_a-impure.o)
                                                  c:/users/user/appdata/local/arduino15/packages/arduino/tools/arm-none-eabi-gcc/4.8.3-2014q1/bin/../lib/gcc/arm-none-eabi/4.8.3/../../../../arm-none-eabi/lib/armv6-m\libc_s.a(lib_a-exit.o)
_impure_ptr                                       c:/users/user/appdata/local/arduino15/packages/arduino/tools/arm-none-eabi-gcc/4.8.3-2014q1/bin/../lib/gcc/arm-none-eabi/4.8.3/../../../../arm-none-eabi/lib/armv6-m\libc_s.a(lib_a-impure.o)
_init                                             c:/users/user/appdata/local/arduino15/packages/arduino/tools/arm-none-eabi-gcc/4.8.3-2014q1/bin/../lib/gcc/arm-none-eabi/4.8.3/armv6-m/crti.o
                                                  c:/users/user/appdata/local/arduino15/packages/arduino/tools/arm-none-eabi-gcc/4.8.3-2014q1/bin/../lib/gcc/arm-none-eabi/4.8.3/../../../../arm-none-eabi/lib/armv6-m\libc_s.a(lib_a-init.o)
_mainCRTStartup                                   c:/users/user/appdata/local/arduino15/packages/arduino/tools/arm-none-eabi-gcc/4.8.3-2014q1/bin/../lib/gcc/arm-none-eabi/4.8.3/../../../../arm-none-eabi/lib/armv6-m/crt0.o
_sfixed                                           build/startup_samd21.o
_srelocate                                        build/startup_samd21.o
_start                                            c:/users/user/appdata/local/arduino15/packages/arduino/tools/arm-none-eabi-gcc/4.8.3-2014q1/bin/../lib/gcc/arm-none-eabi/4.8.3/../../../../arm-none-eabi/lib/armv6-m/crt0.o
_szero                                            build/startup_samd21.o
add_crc                                           build/usart_sam_ba.o
                                                  build/sam_ba_monitor.o
atexit                                            c:/users/user/appdata/local/arduino15/packages/arduino/tools/arm-none-eabi-gcc/4.8.3-2014q1/bin/../lib/gcc/arm-none-eabi/4.8.3/../../../../arm-none-eabi/lib/armv6-m/crt0.o
b_sam_ba_interface_usart                          build/sam_ba_monitor.o
b_sharp_received                                  build/usart_sam_ba.o
b_terminal_mode                                   build/sam_ba_monitor.o
buffer_rx_usart                                   build/usart_sam_ba.o
buffer_tx_usart                                   build/usart_sam_ba.o
call_applet                                       build/sam_ba_monitor.o
cdc_getc                                          build/drivers/cdc_enumerate.o
                                                  build/sam_ba_monitor.o
cdc_is_rx_ready                                   build/drivers/cdc_enumerate.o
                                                  build/sam_ba_monitor.o
cdc_putc                                          build/drivers/cdc_enumerate.o
                                                  build/sam_ba_monitor.o
cdc_read_buf                                      build/drivers/cdc_enumerate.o
                                                  build/sam_ba_monitor.o
cdc_read_buf_xmd                                  build/drivers/cdc_enumerate.o
                                                  build/sam_ba_monitor.o
cdc_write_buf                                     build/drivers/cdc_enumerate.o
                                                  build/sam_ba_monitor.o
cfgDescriptor                                     build/drivers/cdc_enumerate.o
command                                           build/sam_ba_monitor.o
cpu_irq_enter_critical                            build/utils/interrupt/interrupt_sam_nvic.o
cpu_irq_leave_critical                            build/utils/interrupt/interrupt_sam_nvic.o
current_number                                    build/sam_ba_monitor.o
data                                              build/sam_ba_monitor.o
devDescriptor                                     build/drivers/cdc_enumerate.o
error_timeout                                     build/usart_sam_ba.o
exception_table                                   build/startup_samd21.o
exit                                              c:/users/user/appdata/local/arduino15/packages/arduino/tools/arm-none-eabi-gcc/4.8.3-2014q1/bin/../lib/gcc/arm-none-eabi/4.8.3/../../../../arm-none-eabi/lib/armv6-m\libc_s.a(lib_a-exit.o)
                                                  c:/users/user/appdata/local/arduino15/packages/arduino/tools/arm-none-eabi-gcc/4.8.3-2014q1/bin/../lib/gcc/arm-none-eabi/4.8.3/../../../../arm-none-eabi/lib/armv6-m/crt0.o
g_interrupt_enabled                               build/utils/interrupt/interrupt_sam_nvic.o
                                                  build/sam_ba_monitor.o
                                                  build/main.o
getPacket                                         build/usart_sam_ba.o
hardware_init_hook                                c:/users/user/appdata/local/arduino15/packages/arduino/tools/arm-none-eabi-gcc/4.8.3-2014q1/bin/../lib/gcc/arm-none-eabi/4.8.3/../../../../arm-none-eabi/lib/armv6-m/crt0.o
i                                                 build/sam_ba_monitor.o
idx_rx_read                                       build/usart_sam_ba.o
idx_rx_write                                      build/usart_sam_ba.o
idx_tx_read                                       build/usart_sam_ba.o
idx_tx_write                                      build/usart_sam_ba.o
j                                                 build/sam_ba_monitor.o
length                                            build/sam_ba_monitor.o
main                                              build/main.o
                                                  build/startup_samd21.o
                                                  c:/users/user/appdata/local/arduino15/packages/arduino/tools/arm-none-eabi-gcc/4.8.3-2014q1/bin/../lib/gcc/arm-none-eabi/4.8.3/../../../../arm-none-eabi/lib/armv6-m/crt0.o
memcpy                                            c:/users/user/appdata/local/arduino15/packages/arduino/tools/arm-none-eabi-gcc/4.8.3-2014q1/bin/../lib/gcc/arm-none-eabi/4.8.3/../../../../arm-none-eabi/lib/armv6-m\libc_s.a(lib_a-memcpy-stub.o)
                                                  build/drivers/cdc_enumerate.o
                                                  build/tinyscreen.o
                                                  build/sam_ba_monitor.o
memset                                            c:/users/user/appdata/local/arduino15/packages/arduino/tools/arm-none-eabi-gcc/4.8.3-2014q1/bin/../lib/gcc/arm-none-eabi/4.8.3/../../../../arm-none-eabi/lib/armv6-m\libc_s.a(lib_a-memset.o)
                                                  build/drivers/cdc_enumerate.o
                                                  build/tinyscreen.o
                                                  c:/users/user/appdata/local/arduino15/packages/arduino/tools/arm-none-eabi-gcc/4.8.3-2014q1/bin/../lib/gcc/arm-none-eabi/4.8.3/../../../../arm-none-eabi/lib/armv6-m/crt0.o
mode_of_transfer                                  build/usart_sam_ba.o
ptr                                               build/sam_ba_monitor.o
ptr_data                                          build/sam_ba_monitor.o
ptr_monitor_if                                    build/sam_ba_monitor.o
put_uint32                                        build/sam_ba_monitor.o
sam_ba_monitor_init                               build/sam_ba_monitor.o
                                                  build/main.o
sam_ba_monitor_loop                               build/sam_ba_monitor.o
sam_ba_monitor_run                                build/sam_ba_monitor.o
                                                  build/main.o
sam_ba_putdata_term                               build/sam_ba_monitor.o
size_of_data                                      build/usart_sam_ba.o
software_init_hook                                c:/users/user/appdata/local/arduino15/packages/arduino/tools/arm-none-eabi-gcc/4.8.3-2014q1/bin/../lib/gcc/arm-none-eabi/4.8.3/../../../../arm-none-eabi/lib/armv6-m/crt0.o
sp                                                build/sam_ba_monitor.o
system_init                                       build/main.o
u32tmp                                            build/sam_ba_monitor.o
uart_basic_init                                   build/drivers/uart_driver.o
                                                  build/usart_sam_ba.o
uart_disable                                      build/drivers/uart_driver.o
                                                  build/usart_sam_ba.o
uart_drv_error_flag                               build/drivers/uart_driver.o
uart_get_sercom_index                             build/drivers/uart_driver.o
                                                  build/usart_sam_ba.o
uart_if                                           build/sam_ba_monitor.o
uart_read_buffer_polled                           build/drivers/uart_driver.o
uart_read_byte                                    build/drivers/uart_driver.o
                                                  build/usart_sam_ba.o
uart_write_buffer_polled                          build/drivers/uart_driver.o
uart_write_byte                                   build/drivers/uart_driver.o
                                                  build/usart_sam_ba.o
udd_ep_in_cache_buffer                            build/drivers/cdc_enumerate.o
udd_ep_out_cache_buffer                           build/drivers/cdc_enumerate.o
usart_close                                       build/usart_sam_ba.o
usart_getc                                        build/usart_sam_ba.o
                                                  build/sam_ba_monitor.o
usart_getdata                                     build/usart_sam_ba.o
                                                  build/sam_ba_monitor.o
usart_getdata_xmd                                 build/usart_sam_ba.o
                                                  build/sam_ba_monitor.o
usart_is_rx_ready                                 build/usart_sam_ba.o
                                                  build/sam_ba_monitor.o
usart_open                                        build/usart_sam_ba.o
                                                  build/main.o
usart_putc                                        build/usart_sam_ba.o
                                                  build/sam_ba_monitor.o
usart_putdata                                     build/usart_sam_ba.o
                                                  build/sam_ba_monitor.o
usart_putdata_xmd                                 build/usart_sam_ba.o
                                                  build/sam_ba_monitor.o
usart_readc                                       build/usart_sam_ba.o
usart_sharp_received                              build/usart_sam_ba.o
                                                  build/main.o
usb_endpoint_table                                build/drivers/cdc_enumerate.o
usb_init                                          build/drivers/cdc_enumerate.o
                                                  build/main.o
usbcdc_if                                         build/sam_ba_monitor.o
